HI-TECH Software C Compiler 

Linker command line:

--edf=C:\Program Files (x86)\HI-TECH Software\PICC\9.71a\dat\en_msgs.txt \
  -cs -h+BC28.sym -z -Q16F1937 -ol.obj -MBC28.map -E1 -ACONST=00h-0FFhx32 \
  -ACODE=00h-07FFhx4 -ASTRCODE=00h-01FFFh -AENTRY=00h-0FFhx32 \
  -ASTRING=00h-0FFhx32 -ABANK0=020h-06Fh -ABANK1=0A0h-0EFh \
  -ABANK2=0120h-016Fh -ABANK3=01A0h-01EFh -ABANK4=0220h-026Fh \
  -ABANK5=02A0h-02EFh -ABANK6=0320h-032Fh -ABIGRAM=02000h-021EFh \
  -ARAM=020h-06Fh,0A0h-0EFh,0120h-016Fh,01A0h-01EFh,0220h-026Fh,02A0h-02EFh,0320h-032Fh \
  -AABS1=020h-07Fh,0A0h-0EFh,0120h-016Fh,01A0h-01EFh,0220h-026Fh,02A0h-02EFh,0320h-032Fh \
  -ACOMMON=070h-07Fh -ASFR0=00h-01Fh -ASFR1=080h-09Fh -ASFR2=0100h-011Fh \
  -ASFR3=0180h-019Fh -ASFR4=0200h-021Fh -ASFR5=0280h-029Fh \
  -ASFR6=0300h-031Fh -ASFR7=0380h-03EFh -ASFR8=0400h-046Fh \
  -ASFR9=0480h-04EFh -ASFR10=0500h-056Fh -ASFR11=0580h-05EFh \
  -ASFR12=0600h-066Fh -ASFR13=0680h-06EFh -ASFR14=0700h-076Fh \
  -ASFR15=0780h-07EFh -ASFR16=0800h-086Fh -ASFR17=0880h-08EFh \
  -ASFR18=0900h-096Fh -ASFR19=0980h-09EFh -ASFR20=0A00h-0A6Fh \
  -ASFR21=0A80h-0AEFh -ASFR22=0B00h-0B6Fh -ASFR23=0B80h-0BEFh \
  -ASFR24=0C00h-0C6Fh -ASFR25=0C80h-0CEFh -ASFR26=0D00h-0D6Fh \
  -ASFR27=0D80h-0DEFh -ASFR28=0E00h-0E6Fh -ASFR29=0E80h-0EEFh \
  -ASFR30=0F00h-0F6Fh -ASFR31=0F80h-0FEFh \
  -preset_vec=00h,intentry=04h,init,end_init -ppowerup=CODE -pfunctab=CODE \
  -ACONFIG=08007h-08008h -pconfig=CONFIG -DCONFIG=2 -AIDLOC=08000h-08003h \
  -pidloc=IDLOC -DIDLOC=2 -AEEDATA=00h-0FFh/0F000h -peeprom_data=EEDATA \
  -DEEDATA=2 -DCODE=2 -DSTRCODE=2 -DSTRING=2 -DCONST=2 -DENTRY=2 -k \
  C:\Users\ADMINI~1\AppData\Local\Temp\s7us.obj BC28.obj 

Object code version is 3.10

Machine type is 16F1937



                Name                               Link     Load   Length Selector   Space Scale
C:\Users\ADMINI~1\AppData\Local\Temp\s7us.obj
                end_init                             29       29        3        8       0
                reset_vec                             0        0        2        0       0
BC28.obj        intentry                              4        4       25        8       0
                config                             8007     8007        2    1000E       0
                text2061                            499      499       A6        8       0
                text2024                            53F      53F       89        8       0
                text2005                             2C       2C      2DA        8       0
                text1998                            306      306      193        8       0
                cstackBANK0                          20       20       2E       20       1
                cstackCOMMON                         70       70        7       70       1
                clrtext                             5C8      5C8        C        8       0
                bssBANK2                            120      120       18      120       1
                bssBANK1                             A0       A0       3C       A0       1
                dataBANK0                            69       69        6       20       1
                bssBANK0                             4E       4E       1B       20       1
                bssCOMMON                            77       77        5       70       1
                cinit                               81C      81C      7E4     1038       0
                stringtext                         1000     1000      169       20       0

TOTAL           Name                               Link     Load   Length     Space
        CLASS   CONST          

        CLASS   CODE           
                end_init                             29       29        3         0
                intentry                              4        4       25         0
                reset_vec                             0        0        2         0
                text2061                            499      499       A6         0
                text2024                            53F      53F       89         0
                text2005                             2C       2C      2DA         0
                text1998                            306      306      193         0
                clrtext                             5C8      5C8        C         0
                cinit                               81C      81C      7E4         0

        CLASS   STRCODE        
                stringtext                         1000     1000      169         0

        CLASS   ENTRY          

        CLASS   STRING         

        CLASS   BANK0          
                cstackBANK0                          20       20       2E         1
                dataBANK0                            69       69        6         1
                bssBANK0                             4E       4E       1B         1

        CLASS   BANK1          
                bssBANK1                             A0       A0       3C         1

        CLASS   BANK2          
                bssBANK2                            120      120       18         1

        CLASS   BANK3          

        CLASS   BANK4          

        CLASS   BANK5          

        CLASS   BANK6          

        CLASS   BIGRAM         

        CLASS   RAM            

        CLASS   ABS1           
                abs_s1                               7E       7E        2         1
                abs_s1                              23A      23A       36         1
                abs_s1                              2A0      2A0       50         1
                abs_s1                              320      320       10         1

        CLASS   COMMON         
                cstackCOMMON                         70       70        7         1
                bssCOMMON                            77       77        5         1

        CLASS   SFR0           

        CLASS   SFR1           

        CLASS   SFR2           

        CLASS   SFR3           

        CLASS   SFR4           

        CLASS   SFR5           

        CLASS   SFR6           

        CLASS   SFR7           

        CLASS   SFR8           

        CLASS   SFR9           

        CLASS   SFR10          

        CLASS   SFR11          

        CLASS   SFR12          

        CLASS   SFR13          

        CLASS   SFR14          

        CLASS   SFR15          

        CLASS   SFR16          

        CLASS   SFR17          

        CLASS   SFR18          

        CLASS   SFR19          

        CLASS   SFR20          

        CLASS   SFR21          

        CLASS   SFR22          

        CLASS   SFR23          

        CLASS   SFR24          

        CLASS   SFR25          

        CLASS   SFR26          

        CLASS   SFR27          

        CLASS   SFR28          

        CLASS   SFR29          

        CLASS   SFR30          

        CLASS   SFR31          

        CLASS   CONFIG         
                config                             8007     8007        2         0

        CLASS   IDLOC          

        CLASS   EEDATA         

        CLASS   BANK31         

        CLASS   BANK30         

        CLASS   BANK29         

        CLASS   BANK28         

        CLASS   BANK27         

        CLASS   BANK26         

        CLASS   BANK25         

        CLASS   BANK24         

        CLASS   BANK23         

        CLASS   BANK22         

        CLASS   BANK21         

        CLASS   BANK20         

        CLASS   BANK19         

        CLASS   BANK18         

        CLASS   BANK17         

        CLASS   BANK16         

        CLASS   BANK15         

        CLASS   BANK14         

        CLASS   BANK13         

        CLASS   BANK12         

        CLASS   BANK11         

        CLASS   BANK10         

        CLASS   BANK9          

        CLASS   BANK8          

        CLASS   BANK7          



SEGMENTS        Name                           Load    Length   Top    Selector   Space  Class     Delta

                reset_vec                      000000  000002  000002         0       0  CODE        2
                intentry                       000004  0005D0  0005D4         8       0  CODE        2
                cstackBANK0                    000020  00004F  00006F        20       1  BANK0       1
                cstackCOMMON                   000070  00000C  00007C        70       1  COMMON      1
                bssBANK1                       0000A0  00003C  0000DC        A0       1  BANK1       1
                bssBANK2                       000120  000018  000138       120       1  BANK2       1
                cinit                          00081C  0007E4  001000      1038       0  CODE        2
                stringtext                     001000  000169  001169        20       0  STRCODE     2
                config                         008007  000002  008009     1000E       0  CONFIG      2


UNUSED ADDRESS RANGES

        Name                Unused          Largest block    Delta
        BANK0            0006F-0006F               1           1
        BANK1            000DC-000EF              14           1
        BANK2            00138-0016F              38           1
        BANK3            001A0-001EF              50           1
        BANK4            00220-00239              1A           1
        BIGRAM           02000-021EF             1F0           1
        CODE             00002-00003               2           2
                         005D4-0081B             22C
                         01169-01FFF             697
        COMMON           0007C-0007D               2           1
        CONST            00002-00003               2           2
                         005D4-0081B             100
                         01169-01FFF             100
        EEDATA           0F000-0F0FF             100           2
        ENTRY            00002-00003               2           2
                         005D4-0081B             100
                         01169-01FFF             100
        IDLOC            08000-08003               4           2
        RAM              0006F-0006F               1           1
                         000DC-000EF              14
                         00138-0016F              38
                         001A0-001EF              50
                         00220-00239              1A
        SFR0             00000-0001F              20           1
        SFR1             00080-0009F              20           1
        SFR10            00500-0056F              70           1
        SFR11            00580-005EF              70           1
        SFR12            00600-0066F              70           1
        SFR13            00680-006EF              70           1
        SFR14            00700-0076F              70           1
        SFR15            00780-007EF              70           1
        SFR16            00800-0086F              70           1
        SFR17            00880-008EF              70           1
        SFR18            00900-0096F              70           1
        SFR19            00980-009EF              70           1
        SFR2             00100-0011F              20           1
        SFR20            00A00-00A6F              70           1
        SFR21            00A80-00AEF              70           1
        SFR22            00B00-00B6F              70           1
        SFR23            00B80-00BEF              70           1
        SFR24            00C00-00C6F              70           1
        SFR25            00C80-00CEF              70           1
        SFR26            00D00-00D6F              70           1
        SFR27            00D80-00DEF              70           1
        SFR28            00E00-00E6F              70           1
        SFR29            00E80-00EEF              70           1
        SFR3             00180-0019F              20           1
        SFR30            00F00-00F6F              70           1
        SFR31            00F80-00FEF              70           1
        SFR4             00200-0021F              20           1
        SFR5             00280-0029F              20           1
        SFR6             00300-0031F              20           1
        SFR7             00380-003EF              70           1
        SFR8             00400-0046F              70           1
        SFR9             00480-004EF              70           1
        STRCODE          00002-00003               2           2
                         005D4-0081B             248
                         01169-01FFF             E97
        STRING           00002-00003               2           2
                         005D4-0081B             100
                         01169-01FFF             100

                                  Symbol Table

??_ATCommand_Init             cstackBANK0  00026
??_ATCommand_ProcRx           cstackCOMMON 00072
??_ATCommand_SendCmd          cstackBANK0  00033
??_ATCommand_WaitData         cstackBANK0  00031
??_CallProc                   cstackBANK0  00047
??_CallSend                   cstackBANK0  00046
??_DS18X20_ReadMeas           cstackBANK0  0002A
??_DS18X20_StartMeas          cstackBANK0  00025
??_DisplayInit                cstackBANK0  00020
??_GetRomData                 cstackBANK0  00027
??_GetVerify_CRC8             cstackBANK0  00022
??_GetVerify_Sum              cstackBANK0  00022
??_InitGPRS                   cstackBANK0  00039
??_InitMCU                    cstackBANK0  00020
??_InitSystem                 cstackBANK0  0002D
??_InitVariable               cstackBANK0  00028
??_InteractServer             cstackBANK0  00036
??_LcdDisplayAll              cstackBANK0  00020
??_LcdDisplayNum              cstackBANK0  00020
??_LcdDisplay_CALL            cstackBANK0  00020
??_LcdDisplay_CSQ             cstackBANK0  00025
??_LcdDisplay_CurTemp         cstackBANK0  00025
??_LcdDisplay_Err             cstackBANK0  00025
??_MakeTxTemperature          cstackBANK0  00022
??_OneWire_Command            cstackBANK0  00024
??_OneWire_ReadByte           cstackBANK0  00020
??_OneWire_Reset              cstackBANK0  00020
??_OneWire_WriteByte          cstackBANK0  00020
??_PowerON                    cstackBANK0  00024
??_ReadTData                  cstackBANK0  0002C
??_SaveRomData                cstackBANK0  00027
??_SimI2C_Ack                 cstackBANK0  00020
??_SimI2C_Init                cstackBANK0  00020
??_SimI2C_NoAck               cstackBANK0  00020
??_SimI2C_ReadByte            cstackBANK0  00020
??_SimI2C_RecAck              cstackBANK0  00020
??_SimI2C_SendByte            cstackBANK0  00020
??_SimI2C_Start               cstackBANK0  00020
??_SimI2C_Stop                cstackBANK0  00020
??_TCN75_Init                 cstackBANK0  00020
??_TCN75_ReadReg              cstackBANK0  00023
??_TCN75_SetConfig            cstackBANK0  00023
??_TestProc                   cstackBANK0  00048
??_Uart1_PutChar              cstackBANK0  00020
??_Uart1_PutHex               cstackBANK0  00021
??_Uart1_PutString            cstackBANK0  00023
??_Uart1_PutString_Hex        cstackBANK0  00025
??___bmul                     cstackBANK0  00021
??___delay_20ms               cstackBANK0  00022
??___lbdiv                    cstackBANK0  00021
??___lbmod                    cstackBANK0  00021
??___lwdiv                    cstackBANK0  00024
??___lwmod                    cstackBANK0  00024
??___wmul                     cstackBANK0  00024
??_atoi                       cstackBANK0  00028
??_eeprom_read                cstackBANK0  00020
??_eeprom_write               cstackBANK0  00021
??_highISR                    cstackCOMMON 00076
??_isdigit                    cstackBANK0  00020
??_isgraph                    cstackCOMMON 00070
??_main                       cstackBANK0  0004A
??_strchr                     cstackBANK0  00024
??_strcpy                     cstackBANK0  00022
??_strlen                     cstackBANK0  00022
??_strncmp                    cstackBANK0  0002C
??_strstr                     cstackBANK0  00031
?_ATCommand_Init              cstackCOMMON 00070
?_ATCommand_ProcRx            cstackCOMMON 00070
?_ATCommand_SendCmd           cstackBANK0  00031
?_ATCommand_WaitData          cstackCOMMON 00070
?_CallProc                    cstackCOMMON 00070
?_CallSend                    cstackCOMMON 00070
?_DS18X20_ReadMeas            cstackCOMMON 00070
?_DS18X20_StartMeas           cstackCOMMON 00070
?_DisplayInit                 cstackCOMMON 00070
?_GetRomData                  cstackCOMMON 00070
?_GetVerify_CRC8              cstackBANK0  00020
?_GetVerify_Sum               cstackBANK0  00020
?_InitGPRS                    cstackCOMMON 00070
?_InitMCU                     cstackCOMMON 00070
?_InitSystem                  cstackCOMMON 00070
?_InitVariable                cstackCOMMON 00070
?_InteractServer              cstackCOMMON 00070
?_LcdDisplayAll               cstackCOMMON 00070
?_LcdDisplayNum               cstackCOMMON 00070
?_LcdDisplay_CALL             cstackCOMMON 00070
?_LcdDisplay_CSQ              cstackCOMMON 00070
?_LcdDisplay_CurTemp          cstackCOMMON 00070
?_LcdDisplay_Err              cstackCOMMON 00070
?_MakeTxTemperature           cstackBANK0  00020
?_OneWire_Command             cstackCOMMON 00070
?_OneWire_ReadByte            cstackCOMMON 00070
?_OneWire_Reset               cstackCOMMON 00070
?_OneWire_WriteByte           cstackCOMMON 00070
?_PowerON                     cstackCOMMON 00070
?_ReadTData                   cstackCOMMON 00070
?_SaveRomData                 cstackCOMMON 00070
?_SimI2C_Ack                  cstackCOMMON 00070
?_SimI2C_Init                 cstackCOMMON 00070
?_SimI2C_NoAck                cstackCOMMON 00070
?_SimI2C_ReadByte             cstackCOMMON 00070
?_SimI2C_RecAck               cstackCOMMON 00070
?_SimI2C_SendByte             cstackCOMMON 00070
?_SimI2C_Start                cstackCOMMON 00070
?_SimI2C_Stop                 cstackCOMMON 00070
?_TCN75_Init                  cstackCOMMON 00070
?_TCN75_ReadReg               cstackCOMMON 00070
?_TCN75_SetConfig             cstackCOMMON 00070
?_TestProc                    cstackCOMMON 00070
?_Uart1_PutChar               cstackCOMMON 00070
?_Uart1_PutHex                cstackCOMMON 00070
?_Uart1_PutString             cstackBANK0  00021
?_Uart1_PutString_Hex         cstackBANK0  00023
?___bmul                      cstackBANK0  00020
?___delay_20ms                cstackBANK0  00020
?___lbdiv                     cstackBANK0  00020
?___lbmod                     cstackBANK0  00020
?___lwdiv                     cstackBANK0  00020
?___lwmod                     cstackBANK0  00020
?___wmul                      cstackBANK0  00020
?_atoi                        cstackBANK0  00026
?_eeprom_read                 cstackCOMMON 00070
?_eeprom_write                cstackBANK0  00020
?_highISR                     cstackCOMMON 00070
?_isdigit                     cstackCOMMON 00070
?_isgraph                     cstackCOMMON 00070
?_main                        cstackCOMMON 00070
?_strchr                      cstackBANK0  00020
?_strcpy                      cstackBANK0  00020
?_strlen                      cstackBANK0  00020
?_strncmp                     cstackBANK0  00026
?_strstr                      cstackBANK0  0002D
ATCommand_ProcRx@rx           cstackCOMMON 00075
ATCommand_SendCmd@cmd         cstackBANK0  00031
ATCommand_SendCmd@res         cstackBANK0  00038
ATCommand_SendCmd@retry       cstackBANK0  00035
ATCommand_SendCmd@strx        cstackBANK0  00036
ATCommand_WaitData@res        cstackBANK0  00033
ATCommand_WaitData@strx       cstackBANK0  00034
CallProc@retry                cstackBANK0  00047
CallSend@ret                  cstackBANK0  00046
DS18X20_ReadMeas@bVerify      cstackBANK0  0002A
DS18X20_ReadMeas@i            cstackBANK0  0002B
GetRomData@i                  cstackBANK0  00027
GetVerify_CRC8@Count          cstackBANK0  00020
GetVerify_CRC8@bit_counter    cstackBANK0  00024
GetVerify_CRC8@crc            cstackBANK0  00029
GetVerify_CRC8@data           cstackBANK0  00025
GetVerify_CRC8@feedback_bit   cstackBANK0  00028
GetVerify_CRC8@i              cstackBANK0  00026
GetVerify_CRC8@pBuff          cstackBANK0  00023
GetVerify_Sum@Count           cstackBANK0  00020
GetVerify_Sum@i               cstackBANK0  00026
GetVerify_Sum@pBuff           cstackBANK0  00024
GetVerify_Sum@sum             cstackBANK0  00025
InitGPRS@i                    cstackBANK0  0003D
InitGPRS@retry                cstackBANK0  00040
InitGPRS@strx                 cstackBANK0  0003E
InitSystem@x                  cstackBANK0  0002D
InteractServer@addr           cstackBANK0  00042
InteractServer@i              cstackBANK0  00045
InteractServer@i_10578        cstackBANK0  00038
InteractServer@i_10583        cstackBANK0  0003A
InteractServer@j              cstackBANK0  00043
InteractServer@j_10590        cstackBANK0  0003C
InteractServer@k              cstackBANK0  00044
InteractServer@res            cstackBANK0  00037
InteractServer@retry          cstackBANK0  00036
InteractServer@t              cstackBANK0  00040
InteractServer@txLen          cstackBANK0  0003E
LcdDisplayAll@x               cstackBANK0  00020
LcdDisplay_CSQ@t1             cstackBANK0  00025
LcdDisplay_CSQ@t2             cstackBANK0  00026
LcdDisplay_CurTemp@t1         cstackBANK0  00027
LcdDisplay_CurTemp@t2         cstackBANK0  00028
MakeTxTemperature@T           cstackBANK0  00020
MakeTxTemperature@x           cstackBANK0  00022
OneWire_Command@command       cstackBANK0  00024
OneWire_ReadByte@b            cstackBANK0  00021
OneWire_ReadByte@i            cstackBANK0  00023
OneWire_ReadByte@value        cstackBANK0  00022
OneWire_Reset@Retry           cstackBANK0  00021
OneWire_Reset@r               cstackBANK0  00022
OneWire_WriteByte@i           cstackBANK0  00023
OneWire_WriteByte@temp        cstackBANK0  00022
OneWire_WriteByte@val         cstackBANK0  00021
ReadTData@retry               cstackBANK0  0002C
SaveRomData@i                 cstackBANK0  00027
SimI2C_ReadByte@data          cstackBANK0  00020
SimI2C_ReadByte@i             cstackBANK0  00021
SimI2C_RecAck@t               cstackBANK0  00020
SimI2C_SendByte@data          cstackBANK0  00020
SimI2C_SendByte@i             cstackBANK0  00022
SimI2C_SendByte@t             cstackBANK0  00021
TCN75_ReadReg@ErrTimes        cstackBANK0  00024
TCN75_ReadReg@RegPoint        cstackBANK0  00023
TCN75_ReadReg@bRight          cstackBANK0  00025
TCN75_SetConfig@ErrTimes      cstackBANK0  00023
TCN75_SetConfig@bRight        cstackBANK0  00024
Uart1_PutChar@c               cstackBANK0  00020
Uart1_PutHex@b                cstackBANK0  00022
Uart1_PutHex@c                cstackBANK0  00021
Uart1_PutString@c             cstackBANK0  00023
Uart1_PutString@pString       cstackBANK0  00021
Uart1_PutString_Hex@c         cstackBANK0  00025
Uart1_PutString_Hex@pString   cstackBANK0  00023
_ADCON1                       (abs)        0009E
_ANSELA                       (abs)        0018C
_ANSELB                       (abs)        0018D
_ANSELD                       (abs)        0018F
_ANSELE                       (abs)        00190
_ATCommand_Clear              bssCOMMON    00079
_ATCommand_ErrString          bssBANK1     000B5
_ATCommand_Flags              bssCOMMON    0007A
_ATCommand_Init               text2005     0017C
_ATCommand_OkString           bssBANK1     000C4
_ATCommand_ProcRx             text2061     00499
_ATCommand_RetryTimes         bssBANK0     00060
_ATCommand_RxCount            bssCOMMON    0007B
_ATCommand_RxList             (abs)        0215A
_ATCommand_SendCmd            cinit        00A96
_ATCommand_WaitACKTick        bssBANK0     00052
_ATCommand_WaitACKTimes       bssBANK0     00054
_ATCommand_WaitData           text2061     004DF
_CARRY                        (abs)        00018
_CREN                         (abs)        00CEC
_CSQ                          bssBANK0     00061
_CallProc                     cinit        00E67
_CallSend                     cinit        0093E
_CurTemp                      bssBANK0     00056
_DS18X20_ReadMeas             text2005     0002C
_DS18X20_Scratchpad           bssBANK1     000D3
_DS18X20_StartMeas            cinit        00FF2
_DS18X20_ToDecicel            stringtext   01013
_DisplayInit                  text2005     0011B
_DpyNum                       dataBANK0    00069
_EEADRL                       (abs)        00191
_EECON1                       (abs)        00195
_EECON2                       (abs)        00196
_EEDATA                       (abs)        00193
_ErrState                     bssBANK0     00062
_GIE                          (abs)        0005F
_GetRomData                   text2005     001D6
_GetVerify_CRC8               text2005     00087
_GetVerify_Sum                text2005     001F3
_ICCID                        bssBANK1     000A0
_InitGPRS                     cinit        0098C
_InitMCU                      text2005     0013E
_InitSystem                   text2005     000E8
_InitVariable                 text2005     001C5
_InteractServer               cinit        00B57
_LATA3                        (abs)        00863
_LATA4                        (abs)        00864
_LATB1                        (abs)        00869
_LATD5                        (abs)        0087D
_LATD6                        (abs)        0087E
_LATD7                        (abs)        0087F
_LCDCON                       (abs)        00791
_LCDCST                       (abs)        00794
_LCDDATA0                     (abs)        007A0
_LCDDATA1                     (abs)        007A1
_LCDDATA10                    (abs)        007AA
_LCDDATA11                    (abs)        007AB
_LCDDATA2                     (abs)        007A2
_LCDDATA3                     (abs)        007A3
_LCDDATA4                     (abs)        007A4
_LCDDATA5                     (abs)        007A5
_LCDDATA6                     (abs)        007A6
_LCDDATA7                     (abs)        007A7
_LCDDATA8                     (abs)        007A8
_LCDDATA9                     (abs)        007A9
_LCDEN                        (abs)        03C8F
_LCDPS                        (abs)        00792
_LCDREF                       (abs)        00793
_LCDRL                        (abs)        00795
_LCDSE0                       (abs)        00798
_LCDSE1                       (abs)        00799
_LCDSE2                       (abs)        0079A
_LcdDisplayAll                text1998     00351
_LcdDisplayNum                text1998     00387
_LcdDisplay_CALL              cinit        00FDC
_LcdDisplay_CSQ               cinit        00FA9
_LcdDisplay_CurTemp           cinit        00EB4
_LcdDisplay_Err               text1998     00367
_MakeTxTemperature            cinit        00DAF
_MeasurementTick              bssBANK0     00058
_NeedMeasurementTick          bssBANK0     0005A
_OERR                         (abs)        00CE9
_OneWire_Command              text2005     000B3
_OneWire_ReadByte             text2005     0005B
_OneWire_Reset                text2005     00193
_OneWire_WriteByte            text2005     000BF
_PEIE                         (abs)        0005E
_PR2                          (abs)        0001B
_PowerON                      cinit        00FE2
_RB1                          (abs)        00069
_RB2                          (abs)        0006A
_RB7                          (abs)        0006F
_RCIE                         (abs)        0048D
_RCIF                         (abs)        0008D
_RCREG                        (abs)        00199
_RCSTA                        (abs)        0019D
_RD                           (abs)        00CA8
_RD6                          (abs)        0007E
_ReadTData                    cinit        008F4
_RomParams                    bssBANK0     00066
_RunTick                      bssCOMMON    00077
_SEG11                        (abs)        03CCB
_SEG11COM0                    (abs)        03D0B
_SEG11COM1                    (abs)        03D23
_SEG11COM2                    (abs)        03D3B
_SEG11COM3                    (abs)        03D53
_SEG16                        (abs)        03CD0
_SEG16COM0                    (abs)        03D10
_SEG16COM1                    (abs)        03D28
_SEG16COM2                    (abs)        03D40
_SEG16COM3                    (abs)        03D58
_SEG21                        (abs)        03CD5
_SEG21COM1                    (abs)        03D2D
_SEG21COM2                    (abs)        03D45
_SEG21COM3                    (abs)        03D5D
_SEG22                        (abs)        03CD6
_SEG23                        (abs)        03CD7
_SEG23COM0                    (abs)        03D17
_SEG23COM1                    (abs)        03D2F
_SEG23COM2                    (abs)        03D47
_SEG23COM3                    (abs)        03D5F
_SEG3                         (abs)        03CC3
_SEG3COM0                     (abs)        03D03
_SEG3COM1                     (abs)        03D1B
_SEG3COM2                     (abs)        03D33
_SEG3COM3                     (abs)        03D4B
_SEG5                         (abs)        03CC5
_SEG5COM0                     (abs)        03D05
_SEG5COM1                     (abs)        03D1D
_SEG5COM2                     (abs)        03D35
_SEG5COM3                     (abs)        03D4D
_SEG6                         (abs)        03CC6
_SEG6COM3                     (abs)        03D4E
_SPBRG                        (abs)        0019B
_SaveRomData                  text2005     002ED
_SegCode                      stringtext   01001
_SimI2C_Ack                   text2005     002C9
_SimI2C_Init                  text2005     002E6
_SimI2C_NoAck                 text2005     002D5
_SimI2C_ReadByte              text2005     002A9
_SimI2C_RecAck                text2005     0028B
_SimI2C_SendByte              text2005     0026A
_SimI2C_Start                 text2005     0029F
_SimI2C_Stop                  text2005     002DC
_SystemTick                   bssBANK0     0005C
_T1CON                        (abs)        00018
_T2CON                        (abs)        0001C
_TCN75_Config                 bssBANK0     00063
_TCN75_Init                   text2005     001C4
_TCN75_ReadReg                text2005     00234
_TCN75_RegReadResualt         bssBANK0     0005E
_TCN75_SetConfig              text2005     0020C
_TList                        bssBANK2     00120
_TListIndex                   bssBANK0     00064
_TMR1H                        (abs)        00017
_TMR1IE                       (abs)        00488
_TMR1IF                       (abs)        00088
_TMR1L                        (abs)        00016
_TMR1ON                       (abs)        000C0
_TMR2IE                       (abs)        00489
_TMR2IF                       (abs)        00089
_TMR2ON                       (abs)        000E2
_TRISA3                       (abs)        00463
_TRISA4                       (abs)        00464
_TRISB1                       (abs)        00469
_TRISB2                       (abs)        0046A
_TRISB7                       (abs)        0046F
_TRISC6                       (abs)        00476
_TRISC7                       (abs)        00477
_TRISD4                       (abs)        0047C
_TRISD5                       (abs)        0047D
_TRISD6                       (abs)        0047E
_TRISD7                       (abs)        0047F
_TRMT                         (abs)        00CF1
_TXREG                        (abs)        0019A
_TXSTA                        (abs)        0019E
_TestProc                     text1998     00306
_TxErrDataIndex               bssBANK0     00068
_TxTemperature                bssBANK0     0004E
_Uart1_PutChar                cinit        00E05
_Uart1_PutHex                 cinit        00D80
_Uart1_PutString              cinit        00E0F
_Uart1_PutString_Hex          cinit        00D9F
_WA                           (abs)        03C94
_WERR                         (abs)        03C8D
_WPUB7                        (abs)        0106F
_WR                           (abs)        00CA9
_WREN                         (abs)        00CAA
__Habs1                       abs1         00000
__Hbank0                      bank0        00000
__Hbank1                      bank1        00000
__Hbank10                     bank10       00000
__Hbank11                     bank11       00000
__Hbank12                     bank12       00000
__Hbank13                     bank13       00000
__Hbank14                     bank14       00000
__Hbank15                     bank15       00000
__Hbank16                     bank16       00000
__Hbank17                     bank17       00000
__Hbank18                     bank18       00000
__Hbank19                     bank19       00000
__Hbank2                      bank2        00000
__Hbank20                     bank20       00000
__Hbank21                     bank21       00000
__Hbank22                     bank22       00000
__Hbank23                     bank23       00000
__Hbank24                     bank24       00000
__Hbank25                     bank25       00000
__Hbank26                     bank26       00000
__Hbank27                     bank27       00000
__Hbank28                     bank28       00000
__Hbank29                     bank29       00000
__Hbank3                      bank3        00000
__Hbank30                     bank30       00000
__Hbank31                     bank31       00000
__Hbank4                      bank4        00000
__Hbank5                      bank5        00000
__Hbank6                      bank6        00000
__Hbank7                      bank7        00000
__Hbank8                      bank8        00000
__Hbank9                      bank9        00000
__Hbigram                     bigram       00000
__HbssBANK0                   bssBANK0     00000
__HbssBANK1                   bssBANK1     00000
__HbssBANK2                   bssBANK2     00000
__HbssCOMMON                  bssCOMMON    00000
__Hcinit                      cinit        00000
__Hclrtext                    clrtext      00000
__Hcode                       code         00000
__Hcommon                     common       00000
__Hconfig                     config       08009
__HcstackBANK0                cstackBANK0  00000
__HcstackCOMMON               cstackCOMMON 00000
__HdataBANK0                  dataBANK0    00000
__Heeprom_data                eeprom_data  00000
__Hend_init                   end_init     0002C
__Hfunctab                    functab      00000
__HidataBANK0                 idataBANK0   00000
__Hidloc                      idloc        00000
__Hinit                       init         00029
__Hintentry                   intentry     00029
__Hmaintext                   maintext     00000
__Hpa_nodes                   pa_nodes     00000
__Hpowerup                    powerup      00000
__Hram                        ram          00000
__Hreset_vec                  reset_vec    00002
__Hsfr0                       sfr0         00000
__Hsfr1                       sfr1         00000
__Hsfr10                      sfr10        00000
__Hsfr11                      sfr11        00000
__Hsfr12                      sfr12        00000
__Hsfr13                      sfr13        00000
__Hsfr14                      sfr14        00000
__Hsfr15                      sfr15        00000
__Hsfr16                      sfr16        00000
__Hsfr17                      sfr17        00000
__Hsfr18                      sfr18        00000
__Hsfr19                      sfr19        00000
__Hsfr2                       sfr2         00000
__Hsfr20                      sfr20        00000
__Hsfr21                      sfr21        00000
__Hsfr22                      sfr22        00000
__Hsfr23                      sfr23        00000
__Hsfr24                      sfr24        00000
__Hsfr25                      sfr25        00000
__Hsfr26                      sfr26        00000
__Hsfr27                      sfr27        00000
__Hsfr28                      sfr28        00000
__Hsfr29                      sfr29        00000
__Hsfr3                       sfr3         00000
__Hsfr30                      sfr30        00000
__Hsfr31                      sfr31        00000
__Hsfr4                       sfr4         00000
__Hsfr5                       sfr5         00000
__Hsfr6                       sfr6         00000
__Hsfr7                       sfr7         00000
__Hsfr8                       sfr8         00000
__Hsfr9                       sfr9         00000
__Hstrings                    strings      00000
__Hstringtext                 stringtext   00000
__Htext                       text         00000
__Labs1                       abs1         00000
__Lbank0                      bank0        00000
__Lbank1                      bank1        00000
__Lbank10                     bank10       00000
__Lbank11                     bank11       00000
__Lbank12                     bank12       00000
__Lbank13                     bank13       00000
__Lbank14                     bank14       00000
__Lbank15                     bank15       00000
__Lbank16                     bank16       00000
__Lbank17                     bank17       00000
__Lbank18                     bank18       00000
__Lbank19                     bank19       00000
__Lbank2                      bank2        00000
__Lbank20                     bank20       00000
__Lbank21                     bank21       00000
__Lbank22                     bank22       00000
__Lbank23                     bank23       00000
__Lbank24                     bank24       00000
__Lbank25                     bank25       00000
__Lbank26                     bank26       00000
__Lbank27                     bank27       00000
__Lbank28                     bank28       00000
__Lbank29                     bank29       00000
__Lbank3                      bank3        00000
__Lbank30                     bank30       00000
__Lbank31                     bank31       00000
__Lbank4                      bank4        00000
__Lbank5                      bank5        00000
__Lbank6                      bank6        00000
__Lbank7                      bank7        00000
__Lbank8                      bank8        00000
__Lbank9                      bank9        00000
__Lbigram                     bigram       00000
__LbssBANK0                   bssBANK0     00000
__LbssBANK1                   bssBANK1     00000
__LbssBANK2                   bssBANK2     00000
__LbssCOMMON                  bssCOMMON    00000
__Lcinit                      cinit        00000
__Lclrtext                    clrtext      00000
__Lcode                       code         00000
__Lcommon                     common       00000
__Lconfig                     config       08007
__LcstackBANK0                cstackBANK0  00000
__LcstackCOMMON               cstackCOMMON 00000
__LdataBANK0                  dataBANK0    00000
__Leeprom_data                eeprom_data  00000
__Lend_init                   end_init     00029
__Lfunctab                    functab      00000
__LidataBANK0                 idataBANK0   00000
__Lidloc                      idloc        00000
__Linit                       init         00029
__Lintentry                   intentry     00004
__Lmaintext                   maintext     00000
__Lpa_nodes                   pa_nodes     00000
__Lpowerup                    powerup      00000
__Lram                        ram          00000
__Lreset_vec                  reset_vec    00000
__Lsfr0                       sfr0         00000
__Lsfr1                       sfr1         00000
__Lsfr10                      sfr10        00000
__Lsfr11                      sfr11        00000
__Lsfr12                      sfr12        00000
__Lsfr13                      sfr13        00000
__Lsfr14                      sfr14        00000
__Lsfr15                      sfr15        00000
__Lsfr16                      sfr16        00000
__Lsfr17                      sfr17        00000
__Lsfr18                      sfr18        00000
__Lsfr19                      sfr19        00000
__Lsfr2                       sfr2         00000
__Lsfr20                      sfr20        00000
__Lsfr21                      sfr21        00000
__Lsfr22                      sfr22        00000
__Lsfr23                      sfr23        00000
__Lsfr24                      sfr24        00000
__Lsfr25                      sfr25        00000
__Lsfr26                      sfr26        00000
__Lsfr27                      sfr27        00000
__Lsfr28                      sfr28        00000
__Lsfr29                      sfr29        00000
__Lsfr3                       sfr3         00000
__Lsfr30                      sfr30        00000
__Lsfr31                      sfr31        00000
__Lsfr4                       sfr4         00000
__Lsfr5                       sfr5         00000
__Lsfr6                       sfr6         00000
__Lsfr7                       sfr7         00000
__Lsfr8                       sfr8         00000
__Lsfr9                       sfr9         00000
__Lstrings                    strings      00000
__Lstringtext                 stringtext   00000
__Ltext                       text         00000
__S0                          (abs)        08009
__S1                          (abs)        00138
__S2                          (abs)        00000
___bmul                       cinit        00E20
___bmul@multiplicand          cstackBANK0  00020
___bmul@multiplier            cstackBANK0  00022
___bmul@product               cstackBANK0  00021
___delay_20ms                 cinit        00B08
___delay_20ms@x               cstackBANK0  00020
___lbdiv                      cinit        00F91
___lbdiv@counter              cstackBANK0  00022
___lbdiv@dividend             cstackBANK0  00021
___lbdiv@divisor              cstackBANK0  00020
___lbdiv@quotient             cstackBANK0  00023
___lbmod                      cinit        00FC4
___lbmod@counter              cstackBANK0  00023
___lbmod@dividend             cstackBANK0  00022
___lbmod@divisor              cstackBANK0  00020
___lbmod@rem                  cstackBANK0  00024
___lwdiv                      cinit        00E42
___lwdiv@counter              cstackBANK0  00024
___lwdiv@dividend             cstackBANK0  00022
___lwdiv@divisor              cstackBANK0  00020
___lwdiv@quotient             cstackBANK0  00025
___lwmod                      cinit        00E94
___lwmod@counter              cstackBANK0  00024
___lwmod@dividend             cstackBANK0  00022
___lwmod@divisor              cstackBANK0  00020
___wmul                       text2024     005B3
___wmul@multiplicand          cstackBANK0  00022
___wmul@multiplier            cstackBANK0  00020
___wmul@product               cstackBANK0  00024
__end_of_ATCommand_Init       text2005     00193
__end_of_ATCommand_ProcRx     text2061     004BF
__end_of_ATCommand_SendCmd    cinit        00B08
__end_of_ATCommand_WaitData   text2061     00536
__end_of_CallProc             cinit        00E94
__end_of_CallSend             cinit        0098C
__end_of_DS18X20_ReadMeas     text2005     0005B
__end_of_DS18X20_StartMeas    cinit        00FFB
__end_of_DisplayInit          text2005     0013E
__end_of_GetRomData           text2005     001F3
__end_of_GetVerify_CRC8       text2005     000B3
__end_of_GetVerify_Sum        text2005     0020C
__end_of_InitGPRS             cinit        00A96
__end_of_InitMCU              text2005     0017C
__end_of_InitSystem           text2005     0011B
__end_of_InitVariable         text2005     001D6
__end_of_InteractServer       cinit        00D80
__end_of_LcdDisplayAll        text1998     00367
__end_of_LcdDisplayNum        text1998     00490
__end_of_LcdDisplay_CALL      cinit        00FE2
__end_of_LcdDisplay_CSQ       cinit        00FC4
__end_of_LcdDisplay_CurTemp   cinit        00F06
__end_of_LcdDisplay_Err       text1998     00387
__end_of_MakeTxTemperature    cinit        00DEE
__end_of_OneWire_Command      text2005     000BF
__end_of_OneWire_ReadByte     text2005     00087
__end_of_OneWire_Reset        text2005     001C4
__end_of_OneWire_WriteByte    text2005     000E8
__end_of_PowerON              cinit        00FF2
__end_of_ReadTData            cinit        0093E
__end_of_SaveRomData          text2005     00306
__end_of_SimI2C_Ack           text2005     002D5
__end_of_SimI2C_Init          text2005     002ED
__end_of_SimI2C_NoAck         text2005     002DC
__end_of_SimI2C_ReadByte      text2005     002C9
__end_of_SimI2C_RecAck        text2005     0029F
__end_of_SimI2C_SendByte      text2005     0028B
__end_of_SimI2C_Start         text2005     002A9
__end_of_SimI2C_Stop          text2005     002E6
__end_of_TCN75_Init           text2005     001C5
__end_of_TCN75_ReadReg        text2005     0026A
__end_of_TCN75_SetConfig      text2005     00234
__end_of_TestProc             text1998     00351
__end_of_Uart1_PutChar        cinit        00E0F
__end_of_Uart1_PutHex         cinit        00D9F
__end_of_Uart1_PutString      cinit        00E20
__end_of_Uart1_PutString_Hex  cinit        00DAF
__end_of___bmul               cinit        00E2C
__end_of___delay_20ms         cinit        00B1C
__end_of___lbdiv              cinit        00FA9
__end_of___lbmod              cinit        00FDC
__end_of___lwdiv              cinit        00E67
__end_of___lwmod              cinit        00EB4
__end_of___wmul               text2024     005C8
__end_of_atoi                 text2024     005A5
__end_of_eeprom_read          cinit        00E05
__end_of_eeprom_write         cinit        00F22
__end_of_highISR              intentry     00029
__end_of_isdigit              text2024     005B3
__end_of_isgraph              text2061     004CD
__end_of_main                 cinit        008F4
__end_of_strchr               cinit        00F91
__end_of_strcpy               cinit        00E42
__end_of_strlen               cinit        00F41
__end_of_strncmp              cinit        00F79
__end_of_strstr               cinit        00B57
__pbssBANK0                   bssBANK0     0004E
__pbssBANK1                   bssBANK1     000A0
__pbssBANK2                   bssBANK2     00120
__pbssBIGRAM                  (abs)        0215A
__pbssCOMMON                  bssCOMMON    00077
__pcstackBANK0                cstackBANK0  00020
__pcstackCOMMON               cstackCOMMON 00070
__pdataBANK0                  dataBANK0    00069
__pidataBANK0                 idataBANK0   00000
__pintentry                   intentry     00004
__pmaintext                   cinit        00856
__pstringtext                 stringtext   01000
__ptext1998                   text1998     00306
__ptext1999                   cinit        00E67
__ptext2000                   text2005     000E8
__ptext2001                   cinit        0093E
__ptext2002                   cinit        008F4
__ptext2003                   cinit        00B57
__ptext2004                   cinit        0098C
__ptext2005                   text2005     0002C
__ptext2006                   cinit        00FF2
__ptext2007                   text2005     000B3
__ptext2008                   text2061     004DF
__ptext2009                   cinit        00D9F
__ptext2010                   cinit        00A96
__ptext2011                   cinit        00FE2
__ptext2012                   text2005     00234
__ptext2013                   text2005     0020C
__ptext2014                   text2005     001C5
__ptext2015                   text2005     002DC
__ptext2016                   text2005     002D5
__ptext2017                   text2005     002C9
__ptext2018                   text2005     002A9
__ptext2019                   text2005     0028B
__ptext2020                   text2005     0026A
__ptext2021                   text2005     0029F
__ptext2022                   text2005     000BF
__ptext2023                   text2005     0005B
__ptext2024                   text2024     0053F
__ptext2025                   cinit        00B1C
__ptext2026                   cinit        00D80
__ptext2027                   cinit        00E0F
__ptext2028                   cinit        00B08
__ptext2029                   text2005     001C4
__ptext2030                   text2005     00193
__ptext2031                   text2005     0017C
__ptext2032                   text2005     002ED
__ptext2033                   text2005     001D6
__ptext2034                   cinit        00FDC
__ptext2035                   text1998     00367
__ptext2036                   cinit        00EB4
__ptext2037                   cinit        00FA9
__ptext2038                   text1998     00351
__ptext2039                   cinit        00FC4
__ptext2040                   cinit        00F91
__ptext2041                   cinit        00E94
__ptext2042                   cinit        00E42
__ptext2043                   text2024     005B3
__ptext2044                   cinit        00E20
__ptext2045                   cinit        00F79
__ptext2046                   cinit        00F41
__ptext2047                   cinit        00F22
__ptext2048                   text2024     005A5
__ptext2049                   text2005     002E6
__ptext2050                   text2005     00087
__ptext2051                   text2005     001F3
__ptext2052                   cinit        00E2C
__ptext2053                   cinit        00DEE
__ptext2054                   cinit        00E05
__ptext2055                   cinit        00DAF
__ptext2056                   cinit        00F06
__ptext2057                   text2005     0013E
__ptext2058                   text2005     0011B
__ptext2059                   text1998     00387
__ptext2061                   text2061     00499
__ptext2062                   text2061     004BF
__ptext2063                   text2063     00000
__size_of_ATCommand_Init      (abs)        00000
__size_of_ATCommand_ProcRx    (abs)        00000
__size_of_ATCommand_SendCmd   (abs)        00000
__size_of_ATCommand_WaitData  (abs)        00000
__size_of_CallProc            (abs)        00000
__size_of_CallSend            (abs)        00000
__size_of_DS18X20_ReadMeas    (abs)        00000
__size_of_DS18X20_StartMeas   (abs)        00000
__size_of_DisplayInit         (abs)        00000
__size_of_GetRomData          (abs)        00000
__size_of_GetVerify_CRC8      (abs)        00000
__size_of_GetVerify_Sum       (abs)        00000
__size_of_InitGPRS            (abs)        00000
__size_of_InitMCU             (abs)        00000
__size_of_InitSystem          (abs)        00000
__size_of_InitVariable        (abs)        00000
__size_of_InteractServer      (abs)        00000
__size_of_LcdDisplayAll       (abs)        00000
__size_of_LcdDisplayNum       (abs)        00000
__size_of_LcdDisplay_CALL     (abs)        00000
__size_of_LcdDisplay_CSQ      (abs)        00000
__size_of_LcdDisplay_CurTemp  (abs)        00000
__size_of_LcdDisplay_Err      (abs)        00000
__size_of_MakeTxTemperature   (abs)        00000
__size_of_OneWire_Command     (abs)        00000
__size_of_OneWire_ReadByte    (abs)        00000
__size_of_OneWire_Reset       (abs)        00000
__size_of_OneWire_WriteByte   (abs)        00000
__size_of_PowerON             (abs)        00000
__size_of_ReadTData           (abs)        00000
__size_of_SaveRomData         (abs)        00000
__size_of_SimI2C_Ack          (abs)        00000
__size_of_SimI2C_Init         (abs)        00000
__size_of_SimI2C_NoAck        (abs)        00000
__size_of_SimI2C_ReadByte     (abs)        00000
__size_of_SimI2C_RecAck       (abs)        00000
__size_of_SimI2C_SendByte     (abs)        00000
__size_of_SimI2C_Start        (abs)        00000
__size_of_SimI2C_Stop         (abs)        00000
__size_of_TCN75_Init          (abs)        00000
__size_of_TCN75_ReadReg       (abs)        00000
__size_of_TCN75_SetConfig     (abs)        00000
__size_of_TestProc            (abs)        00000
__size_of_Uart1_PutChar       (abs)        00000
__size_of_Uart1_PutHex        (abs)        00000
__size_of_Uart1_PutString     (abs)        00000
__size_of_Uart1_PutString_Hex (abs)        00000
__size_of___bmul              (abs)        00000
__size_of___delay_20ms        (abs)        00000
__size_of___lbdiv             (abs)        00000
__size_of___lbmod             (abs)        00000
__size_of___lwdiv             (abs)        00000
__size_of___lwmod             (abs)        00000
__size_of___wmul              (abs)        00000
__size_of_atoi                (abs)        00000
__size_of_eeprom_read         (abs)        00000
__size_of_eeprom_write        (abs)        00000
__size_of_highISR             (abs)        00000
__size_of_isdigit             (abs)        00000
__size_of_isgraph             (abs)        00000
__size_of_main                (abs)        00000
__size_of_strchr              (abs)        00000
__size_of_strcpy              (abs)        00000
__size_of_strlen              (abs)        00000
__size_of_strncmp             (abs)        00000
__size_of_strstr              (abs)        00000
__stringtab                   stringtext   01000
_atoi                         text2024     0053F
_eeprom_read                  cinit        00DEE
_eeprom_write                 cinit        00F06
_exit                         init         00029
_gFlags                       bssBANK0     00065
_highISR                      intentry     00004
_isdigit                      text2024     005A5
_isdigit$31774                cstackBANK0  00020
_isgraph                      text2061     004BF
_isgraph$31777                cstackCOMMON 00070
_main                         cinit        00856
_nWPUEN                       (abs)        004AF
_strchr                       cinit        00F79
_strcpy                       cinit        00E2C
_strlen                       cinit        00F22
_strncmp                      cinit        00F41
_strstr                       cinit        00B1C
atoi@a                        cstackBANK0  0002D
atoi@s                        cstackBANK0  00026
atoi@sign                     cstackBANK0  0002C
btemp                         (abs)        0007E
clear_ram                     clrtext      005C8
eeprom_read@addr              cstackBANK0  00022
eeprom_write@addr             cstackBANK0  00021
eeprom_write@value            cstackBANK0  00020
end_of_initialization         cinit        00854
highISR@rx                    cstackCOMMON 00076
i1l27446                                        
i1l30327                                        
i1l30337                                        
i1l30345                                        
i1l30347                                        
i1l30349                                        
i1l30353                                        
i1l30363                                        
i1l30365                                        
i1l30379                                        
i1l30381                                        
i1l30383                                        
i1l30459                                        
i1l30461                                        
intlevel0                     functab      00000
intlevel1                     functab      00000
intlevel2                     functab      00000
intlevel3                     functab      00000
intlevel4                     functab      00000
intlevel5                     functab      00000
isdigit@c                     cstackBANK0  00021
isgraph@c                     cstackCOMMON 00071
l12782                                          
l12832                                          
l14903                                          
l14930                                          
l14940                                          
l19057                                          
l19072                                          
l19078                                          
l21137                                          
l21146                                          
l21155                                          
l2232                                           
l2249                                           
l2258                                           
l2261                                           
l2264                                           
l23212                                          
l23239                                          
l25285                                          
l25295                                          
l27352                                          
l27355                                          
l27358                                          
l27361                                          
l27364                                          
l27367                                          
l27374                                          
l27380                                          
l27395                                          
l27414                                          
l27441                                          
l27452                                          
l27473                                          
l27479                                          
l27489                                          
l27499                                          
l27509                                          
l27515                                          
l27817                                          
l30443                                          
l30447                                          
l30451                                          
l30471                                          
l30475                                          
l30479                                          
l30481                                          
l30483                                          
l30487                                          
l30489                                          
l30491                                          
l30493                                          
l30495                                          
l30517                                          
l30525                                          
l30543                                          
l30545                                          
l30655                                          
l30657                                          
l30661                                          
l30663                                          
l30669                                          
l30787                                          
l30789                                          
l30791                                          
l30793                                          
l30795                                          
l30797                                          
l30799                                          
l30901                                          
l30907                                          
l30909                                          
l30911                                          
l30919                                          
l30927                                          
l30929                                          
l30931                                          
l30933                                          
l30935                                          
l30941                                          
l30943                                          
l30945                                          
l30947                                          
l32019                                          
l32021                                          
l32023                                          
l32025                                          
l32027                                          
l32029                                          
l32031                                          
l32033                                          
l32035                                          
l32037                                          
l32039                                          
l32041                                          
l32043                                          
l32045                                          
l32047                                          
l32049                                          
l32051                                          
l32053                                          
l32055                                          
l32057                                          
l32059                                          
l32061                                          
l32063                                          
l32065                                          
l32067                                          
l32069                                          
l32071                                          
l32073                                          
l32075                                          
l32077                                          
l32079                                          
l32081                                          
l32083                                          
l32085                                          
l32087                                          
l32089                                          
l32091                                          
l32093                                          
l32095                                          
l32097                                          
l32099                                          
l32101                                          
l32103                                          
l32105                                          
l32109                                          
l32111                                          
l32113                                          
l32117                                          
l32119                                          
l32121                                          
l32123                                          
l32127                                          
l32129                                          
l32141                                          
l32163                                          
l32173                                          
l32179                                          
l32181                                          
l32191                                          
l32199                                          
l32201                                          
l32207                                          
l32215                                          
l32217                                          
l32223                                          
l32225                                          
l32235                                          
l32239                                          
l32243                                          
l32249                                          
l32263                                          
l32269                                          
l32271                                          
l32273                                          
l32279                                          
l32283                                          
l32287                                          
l32293                                          
l32301                                          
l32311                                          
l32313                                          
l32315                                          
l32317                                          
l32323                                          
l32325                                          
l32327                                          
l32329                                          
l32331                                          
l32333                                          
l32335                                          
l32337                                          
l32341                                          
l32343                                          
l32345                                          
l32347                                          
l32349                                          
l32351                                          
l32353                                          
l32355                                          
l32363                                          
l32365                                          
l32369                                          
l32371                                          
l32383                                          
l32385                                          
l32387                                          
l32395                                          
l32397                                          
l32399                                          
l32401                                          
l32403                                          
l32405                                          
l32407                                          
l32409                                          
l32411                                          
l32417                                          
l32419                                          
l32421                                          
l32429                                          
l32431                                          
l32433                                          
l32441                                          
l32445                                          
l32457                                          
l32467                                          
l32483                                          
l32491                                          
l32493                                          
l32499                                          
l32501                                          
l32505                                          
l32507                                          
l32509                                          
l32511                                          
l32513                                          
l32515                                          
l32519                                          
l32521                                          
l32529                                          
l32531                                          
l32533                                          
l32537                                          
l32539                                          
l32541                                          
l32543                                          
l32547                                          
l32551                                          
l32553                                          
l32555                                          
l32557                                          
l32559                                          
l32563                                          
l32565                                          
l32571                                          
l32577                                          
l32585                                          
l32589                                          
l32591                                          
l32595                                          
l32597                                          
l32603                                          
l32609                                          
l32611                                          
l32617                                          
l32619                                          
l32621                                          
l32627                                          
l32631                                          
l32633                                          
l32635                                          
l32639                                          
l32641                                          
l32645                                          
l32647                                          
l32649                                          
l32651                                          
l32653                                          
l32655                                          
l32657                                          
l32665                                          
l32675                                          
l32681                                          
l32687                                          
l32689                                          
l32691                                          
l32693                                          
l32697                                          
l32699                                          
l32705                                          
l32707                                          
l32709                                          
l32711                                          
l32713                                          
l32715                                          
l32717                                          
l32719                                          
l32723                                          
l32731                                          
l32741                                          
l32743                                          
l32745                                          
l32747                                          
l32751                                          
l32759                                          
l32763                                          
l32773                                          
l32787                                          
l32795                                          
l32797                                          
l32817                                          
l32819                                          
l32821                                          
l32835                                          
l32843                                          
l32859                                          
l32869                                          
l32871                                          
l32879                                          
l32889                                          
l32893                                          
l32895                                          
l32897                                          
l32905                                          
l32923                                          
l32933                                          
l32939                                          
l32949                                          
l32951                                          
l32955                                          
l32957                                          
l32965                                          
l32973                                          
l32975                                          
l32979                                          
l32981                                          
l32989                                          
l32997                                          
l32999                                          
l33009                                          
l33011                                          
l33015                                          
l33021                                          
l33027                                          
l33029                                          
l33053                                          
l33055                                          
l33057                                          
l33065                                          
l33067                                          
l33071                                          
l33073                                          
l33089                                          
l33091                                          
l33093                                          
l33101                                          
l33103                                          
l33107                                          
l33109                                          
l33125                                          
l33127                                          
l33129                                          
l33137                                          
l33139                                          
l33143                                          
l33145                                          
l33159                                          
l33167                                          
l33169                                          
l33181                                          
l33183                                          
l33185                                          
l33187                                          
l33189                                          
l33191                                          
l33193                                          
l33199                                          
l33207                                          
l33217                                          
l33229                                          
l33241                                          
l33243                                          
l33245                                          
l33247                                          
l33249                                          
l33251                                          
l33253                                          
l33263                                          
l33265                                          
l33273                                          
l33275                                          
l33281                                          
l33283                                          
l33285                                          
l33287                                          
l33289                                          
l33301                                          
l33303                                          
l33305                                          
l33307                                          
l33309                                          
l33311                                          
l33313                                          
l33315                                          
l33319                                          
l33321                                          
l33323                                          
l33325                                          
l33333                                          
l33335                                          
l33337                                          
l33341                                          
l33343                                          
l33349                                          
l33355                                          
l33357                                          
l33361                                          
l33365                                          
l33367                                          
l33375                                          
l33377                                          
l33379                                          
l33383                                          
l33387                                          
l33389                                          
l33391                                          
l33393                                          
l33395                                          
l33397                                          
l33399                                          
l33401                                          
l33403                                          
l33405                                          
l33411                                          
l33415                                          
l33417                                          
l33419                                          
l33433                                          
l33435                                          
l33437                                          
l33439                                          
l33443                                          
l33445                                          
l33447                                          
l33453                                          
l33455                                          
l33463                                          
l33465                                          
l33469                                          
l33473                                          
l33477                                          
l4325                                           
l4329                                           
l4337                                           
l6450                                           
l8543                                           
l8554                                           
l8619                                           
main@addr                     cstackBANK0  0004C
main@i                        cstackBANK0  0004D
reset_vec                     reset_vec    00000
start                         init         00029
start_initialization          cinit        0081C
strchr@chr                    cstackBANK0  00022
strchr@ptr                    cstackBANK0  00020
strcpy@cp                     cstackBANK0  00025
strcpy@from                   cstackBANK0  00020
strcpy@to                     cstackBANK0  00024
strlen@cp                     cstackBANK0  00024
strlen@s                      cstackBANK0  00020
strncmp@len                   cstackBANK0  0002A
strncmp@s1                    cstackBANK0  00026
strncmp@s2                    cstackBANK0  00028
strstr@s1                     cstackBANK0  0002D
strstr@s2                     cstackBANK0  0002F
wtemp0                        (abs)        0007E
